Microchip MPLAB XC8 Compiler V2.40

Linker command line:

-W-3 \
  --edf=C:\Program Files\Microchip\xc8\v2.40\pic\dat\20220703182018_en.msgs \
  -cn -h+dist/default/production\Adc_Txd.X.production.sym \
  --cmf=dist/default/production\Adc_Txd.X.production.cmf -z -Q16LF877A \
  -oC:\Users\pampa\AppData\Local\Temp\xcAshgo.4 --defsym=__MPLAB_BUILD=1 \
  --fixupoverflow=error -Mdist/default/production/Adc_Txd.X.production.map \
  --md=C:\Users\pampa\AppData\Local\Temp\xcAshgo.dat -E1 -ver=XC8 Compiler \
  --acfsm=1493 -ACODE=00h-07FFhx4 -ASTRCODE=00h-01FFFh -ASTRING=00h-0FFhx32 \
  -ACONST=00h-0FFhx32 -AENTRY=00h-0FFhx32 -ACOMMON=070h-07Fh \
  -ABANK0=020h-06Fh -ABANK1=0A0h-0EFh -ABANK2=0110h-016Fh \
  -ABANK3=0190h-01EFh -ARAM=020h-06Fh,0A0h-0EFh,0110h-016Fh,0190h-01EFh \
  -AABS1=020h-07Fh,0A0h-0EFh,0110h-016Fh,0190h-01EFh -ASFR0=00h-01Fh \
  -ASFR1=080h-09Fh -ASFR2=0100h-010Fh -ASFR3=0180h-018Fh \
  -ACONFIG=02007h-02007h -DCONFIG=2 -AIDLOC=02000h-02003h -DIDLOC=2 \
  -AEEDATA=00h-0FFh/02100h -peeprom_data=EEDATA -DEEDATA=2 -DCODE=2 \
  -DSTRCODE=2 -DSTRING=2 -DCONST=2 -DENTRY=2 \
  -preset_vec=00h,intentry,init,end_init -ppowerup=CODE -pcinit=CODE \
  -pfunctab=ENTRY -k C:\Users\pampa\AppData\Local\Temp\xcAshgo.o \
  dist/default/production\Adc_Txd.X.production.o 

Object code version is 3.11

Machine type is 16LF877A



                Name                               Link     Load   Length Selector   Space Scale
C:\Users\pampa\AppData\Local\Temp\xcAshgo.o
                end_init                              0        0        3        0       0
                config                             2007     2007        1        0       4
                idloc                              2000     2000        4        0       5
dist/default/production\Adc_Txd.X.production.o
                cinit                               7F8      7F8        8      FF0       0
                config                             2007     2007        1        0       4
                idloc                              2000     2000        4        0       5
                text11                              610      610        9      C20       0
                text10                              649      649       19      C92       0
                text9                               741      741       44      E82       0
                text8                               6C4      6C4       3A      D88       0
                text7                               632      632       17      C64       0
                text6                               785      785       73      F0A       0
                text5                               623      623        F      C46       0
                text4                               619      619        A      C32       0
                text3                               662      662       1A      CC4       0
                text2                               69B      69B       29      D36       0
                text1                               67C      67C       1F      CF8       0
                maintext                            6FE      6FE       43      DFC       0
                cstackBANK0                          22       22        2       20       1
                cstackCOMMON                         70       70        E       70       1
                bssBANK0                             20       20        2       20       1
                strings                               3        3       14        6       0

TOTAL           Name                               Link     Load   Length     Space
        CLASS   CODE           
                end_init                              0        0        3         0
                cinit                               7F8      7F8        8         0
                text11                              610      610        9         0
                text10                              649      649       19         0
                text9                               741      741       44         0
                text8                               6C4      6C4       3A         0
                text7                               632      632       17         0
                text6                               785      785       73         0
                text5                               623      623        F         0
                text4                               619      619        A         0
                text3                               662      662       1A         0
                text2                               69B      69B       29         0
                text1                               67C      67C       1F         0
                maintext                            6FE      6FE       43         0

        CLASS   STRCODE        

        CLASS   STRING         
                strings                               3        3       14         0

        CLASS   CONST          

        CLASS   ENTRY          

        CLASS   COMMON         
                cstackCOMMON                         70       70        E         1

        CLASS   BANK0          
                cstackBANK0                          22       22        2         1
                bssBANK0                             20       20        2         1

        CLASS   BANK1          

        CLASS   BANK2          

        CLASS   BANK3          

        CLASS   RAM            

        CLASS   ABS1           
                abs_s1                               7E       7E        2         1

        CLASS   SFR0           

        CLASS   SFR1           

        CLASS   SFR2           

        CLASS   SFR3           

        CLASS   CONFIG         
                config                             2007     2007        1         4

        CLASS   IDLOC          
                idloc                              2000     2000        4         5

        CLASS   EEDATA         

        CLASS   STACK          



SEGMENTS        Name                           Load    Length   Top    Selector   Space  Class     Delta

                reset_vec                      000000  000003  000003         0       0  CODE        2
                strings                        000003  000014  000017         6       0  STRING      2
                bssBANK0                       000020  000004  000024        20       1  BANK0       1
                cstackCOMMON                   000070  00000E  00007E        70       1  COMMON      1
                text11                         000610  000009  000619       C20       0  CODE        2
                text4                          000619  00000A  000623       C32       0  CODE        2
                text5                          000623  00000F  000632       C46       0  CODE        2
                text7                          000632  000017  000649       C64       0  CODE        2
                text10                         000649  000019  000662       C92       0  CODE        2
                text3                          000662  00001A  00067C       CC4       0  CODE        2
                text1                          00067C  00001F  00069B       CF8       0  CODE        2
                text2                          00069B  000029  0006C4       D36       0  CODE        2
                text8                          0006C4  00003A  0006FE       D88       0  CODE        2
                maintext                       0006FE  000043  000741       DFC       0  CODE        2
                text9                          000741  000044  000785       E82       0  CODE        2
                text6                          000785  000073  0007F8       F0A       0  CODE        2
                cinit                          0007F8  000008  000800       FF0       0  CODE        2


UNUSED ADDRESS RANGES

        Name                Unused          Largest block    Delta
        BANK0            0024-006F             4C           1
        BANK1            00A0-00EF             50           1
        BANK2            0110-016F             60           1
        BANK3            0190-01EF             60           1
        CODE             0017-060F            5F9           2
                         0800-1FFF            800
        CONST            0017-060F            100           2
                         0800-1FFF            100
        EEDATA           2100-21FF            100           2
        ENTRY            0017-060F            100           2
                         0800-1FFF            100
        RAM              0024-006F             4C           1
                         00A0-00EF             50
                         0110-016F             60
                         0190-01EF             60
        SFR0             0000-001F             20           1
        SFR1             0080-009F             20           1
        SFR2             0100-010F             10           1
        SFR3             0180-018F             10           1
        STRCODE          0017-060F            5F9           2
                         0800-1FFF           1800
        STRING           0017-060F            100           2
                         0800-1FFF            100

                                  Symbol Table

?_Adc_Read               cstackCOMMON 0070
?___lwdiv                cstackCOMMON 0070
?___lwmod                cstackCOMMON 0078
Adc_display@Adc_value    cstackBANK0  0022
USART_Tx@Tx_data         cstackCOMMON 0070
_ADCON0                  (abs)        001F
_ADCON1                  (abs)        009F
_ADRESH                  (abs)        001E
_ADRESL                  (abs)        009E
_Adc_Init                text11       0610
_Adc_Read                text10       0649
_Adc_display             text6        0785
_Adc_value               bssBANK0     0020
_GO_nDONE                (abs)        00FA
_PORTC                   (abs)        0007
_PORTD                   (abs)        0008
_RCIF                    (abs)        0065
_RCREG                   (abs)        001A
_RCSTA                   (abs)        0018
_SPBRG                   (abs)        0099
_TRISC                   (abs)        0087
_TRISC6                  (abs)        043E
_TRISC7                  (abs)        043F
_TRISD                   (abs)        0088
_TXIF                    (abs)        0064
_TXREG                   (abs)        0019
_TXSTA                   (abs)        0098
_USART_Init              text5        0623
_USART_Tx                text4        0619
__Habs1                  abs1         0000
__Hbank0                 bank0        0000
__Hbank1                 bank1        0000
__Hbank2                 bank2        0000
__Hbank3                 bank3        0000
__HbssBANK0              bssBANK0     0000
__Hcinit                 cinit        0800
__Hclrtext               clrtext      0000
__Hcode                  code         0000
__Hcommon                common       0000
__Hconfig                config       2008
__HcstackBANK0           cstackBANK0  0000
__HcstackCOMMON          cstackCOMMON 0000
__Heeprom_data           eeprom_data  0000
__Hend_init              end_init     0003
__Hfunctab               functab      0000
__Hidloc                 idloc        2004
__Hinit                  init         0000
__Hintentry              intentry     0000
__Hmaintext              maintext     0000
__Hpowerup               powerup      0000
__Hram                   ram          0000
__Hreset_vec             reset_vec    0000
__Hsfr0                  sfr0         0000
__Hsfr1                  sfr1         0000
__Hsfr2                  sfr2         0000
__Hsfr3                  sfr3         0000
__Hspace_0               (abs)        0800
__Hspace_1               (abs)        007E
__Hspace_2               (abs)        0000
__Hspace_3               (abs)        0000
__Hspace_4               (abs)        400F
__Hstack                 stack        0000
__Hstrings               strings      0000
__Htext                  text         0000
__Labs1                  abs1         0000
__Lbank0                 bank0        0000
__Lbank1                 bank1        0000
__Lbank2                 bank2        0000
__Lbank3                 bank3        0000
__LbssBANK0              bssBANK0     0000
__Lcinit                 cinit        07F8
__Lclrtext               clrtext      0000
__Lcode                  code         0000
__Lcommon                common       0000
__Lconfig                config       0000
__LcstackBANK0           cstackBANK0  0000
__LcstackCOMMON          cstackCOMMON 0000
__Leeprom_data           eeprom_data  0000
__Lend_init              end_init     0000
__Lfunctab               functab      0000
__Lidloc                 idloc        0000
__Linit                  init         0000
__Lintentry              intentry     0000
__Lmaintext              maintext     0000
__Lpowerup               powerup      0000
__Lram                   ram          0000
__Lreset_vec             reset_vec    0000
__Lsfr0                  sfr0         0000
__Lsfr1                  sfr1         0000
__Lsfr2                  sfr2         0000
__Lsfr3                  sfr3         0000
__Lspace_0               (abs)        0000
__Lspace_1               (abs)        0000
__Lspace_2               (abs)        0000
__Lspace_3               (abs)        0000
__Lspace_4               (abs)        0000
__Lstack                 stack        0000
__Lstrings               strings      0000
__Ltext                  text         0000
__S0                     (abs)        0800
__S1                     (abs)        007E
__S3                     (abs)        0000
___int_sp                stack        0000
___latbits               (abs)        0002
___lwdiv                 text9        0741
___lwdiv@counter         cstackCOMMON 0077
___lwdiv@dividend        cstackCOMMON 0072
___lwdiv@divisor         cstackCOMMON 0070
___lwdiv@quotient        cstackCOMMON 0075
___lwmod                 text8        06C4
___lwmod@counter         cstackCOMMON 007D
___lwmod@dividend        cstackCOMMON 007A
___lwmod@divisor         cstackCOMMON 0078
___sp                    stack        0000
___stackhi               (abs)        0000
___stacklo               (abs)        0000
__end_of_Adc_Init        text11       0619
__end_of_Adc_Read        text10       0662
__end_of_Adc_display     text6        07F8
__end_of_USART_Init      text5        0632
__end_of_USART_Tx        text4        0623
__end_of___lwdiv         text9        0785
__end_of___lwmod         text8        06FE
__end_of__initialization cinit        07FC
__end_of__stringtab      strings      0009
__end_of_lcd_cmd         text3        067C
__end_of_lcd_data        text7        0649
__end_of_lcd_init        text2        06C4
__end_of_lcd_str         text1        069B
__end_of_main            maintext     0741
__initialization         cinit        07F8
__pbssBANK0              bssBANK0     0020
__pcstackBANK0           cstackBANK0  0022
__pcstackCOMMON          cstackCOMMON 0070
__pmaintext              maintext     06FE
__pstrings               strings      0003
__ptext1                 text1        067C
__ptext10                text10       0649
__ptext11                text11       0610
__ptext2                 text2        069B
__ptext3                 text3        0662
__ptext4                 text4        0619
__ptext5                 text5        0623
__ptext6                 text6        0785
__ptext7                 text7        0632
__ptext8                 text8        06C4
__ptext9                 text9        0741
__stringbase             strings      0008
__stringtab              strings      0003
_lcd_cmd                 text3        0662
_lcd_data                text7        0632
_lcd_init                text2        069B
_lcd_str                 text1        067C
_main                    maintext     06FE
btemp                    (abs)        007E
end_of_initialization    cinit        07FC
intlevel0                functab      0000
intlevel1                functab      0000
intlevel2                functab      0000
intlevel3                functab      0000
intlevel4                functab      0000
intlevel5                functab      0000
lcd_cmd@cmd              cstackCOMMON 0072
lcd_data@data1           cstackCOMMON 0072
lcd_str@str              cstackCOMMON 0074
reset_vec                reset_vec    0000
start                    init         0000
start_initialization     cinit        07F8
wtemp0                   (abs)        007E


MODULE INFORMATION

Module		Function		Class		Link	Load	Size
../../../Adc_Data Transmit/Adc_Data_Transmit.X/ADC.c
		_Adc_display   		CODE           	0785	0000	115
		_Adc_Read      		CODE           	0649	0000	25
		_Adc_Init      		CODE           	0610	0000	9

../../../Adc_Data Transmit/Adc_Data_Transmit.X/ADC.c estimated size: 149

../../../Adc_Data Transmit/Adc_Data_Transmit.X/Usart.c
		_USART_Tx      		CODE           	0619	0000	10
		_USART_Init    		CODE           	0623	0000	15

../../../Adc_Data Transmit/Adc_Data_Transmit.X/Usart.c estimated size: 25

Adc_Txd.c
		_main          		CODE           	06FE	0000	67

Adc_Txd.c estimated size: 67

C:\Program Files\Microchip\xc8\v2.40\pic\sources\c90\common\lwmod.c
		___lwmod       		CODE           	06C4	0000	58

C:\Program Files\Microchip\xc8\v2.40\pic\sources\c90\common\lwmod.c estimated size: 58

shared
		__stringtab    		STRING         	0003	0000	6
		__initialization		CODE           	07F8	0000	4

shared estimated size: 10

../../../Adc_Data Transmit/Adc_Data_Transmit.X/Lcd_8bit.c
		_lcd_cmd       		CODE           	0662	0000	26
		_lcd_data      		CODE           	0632	0000	23
		_lcd_str       		CODE           	067C	0000	31
		_lcd_init      		CODE           	069B	0000	41

../../../Adc_Data Transmit/Adc_Data_Transmit.X/Lcd_8bit.c estimated size: 121

C:\Program Files\Microchip\xc8\v2.40\pic\sources\c90\common\lwdiv.c
		___lwdiv       		CODE           	0741	0000	68

C:\Program Files\Microchip\xc8\v2.40\pic\sources\c90\common\lwdiv.c estimated size: 68

